
                     WELCOME TO MENDEL, VERSION 4.1.1.

                  (c) COPYRIGHT KENNETH LANGE, 1985-2003

                      ALL COMMERCIAL RIGHTS RESERVED


 TIME: 12:54
 DATE: 05/15/2003

 FOR PUBLICATION PURPOSES, PLEASE CITE THE REFERENCE:

 LANGE K, CANTOR R, HORVATH S, PEROLA M, SABATTI C, SINSHEIMER J,
 SOBEL E (2001) MENDEL VERSION 4.0: A COMPLETE PACKAGE FOR THE
 EXACT GENETIC ANALYSIS OF DISCRETE TRAITS IN PEDIGREE AND
 POPULATION DATA SETS. AMER J HUM GENETICS 69(SUPPLEMENT):A1886

 CONTENT OF CONTROL FILE Control.in:

 OUTPUT_FILE = c12.out
 LOCUS_FILE = c12.loc
 MAP_FILE = c12.map
 PEDIGREE_FILE = c12.ped
 ANALYSIS_OPTION = Allele_frequencies
 MODEL = 1

 CONTENT OF LOCUS FILE c12.loc:

 LOCUS = MARKER01 CHROMOSOME = AUTOSOME   8 ALLELES   0 PHENOTYPES
 ALLELE NAMES     FREQUENCIES
    302           0.05320
    304           0.02130
    307           0.01060
    308           0.09570
    312           0.08510
    316           0.09570
    320           0.61700
    324           0.02130

 LOCUS = MARKER02 CHROMOSOME = AUTOSOME   5 ALLELES   0 PHENOTYPES
 ALLELE NAMES     FREQUENCIES
    263           0.01220
    271           0.19510
    275           0.19510
    279           0.50000
    283           0.09760

 LOCUS = MARKER03 CHROMOSOME = AUTOSOME   6 ALLELES   0 PHENOTYPES
 ALLELE NAMES     FREQUENCIES
    236           0.39800
    240           0.03060
    244           0.05100
    248           0.24490
    252           0.04080
    256           0.23470

 LOCUS = MARKER04 CHROMOSOME = AUTOSOME   7 ALLELES   0 PHENOTYPES
 ALLELE NAMES     FREQUENCIES
    137           0.11460
    141           0.05210
    145           0.21880
    149           0.13540
    153           0.22920
    157           0.21880
    161           0.03120

 LOCUS = MARKER05 CHROMOSOME = AUTOSOME  10 ALLELES   0 PHENOTYPES
 ALLELE NAMES     FREQUENCIES
    101           0.03660
    104           0.29270
    105           0.07320
    106           0.08540
    107           0.01220
    110           0.01220
    116           0.13410
    119           0.21950
    122           0.10980
    125           0.02440
 *** WARNING *** THE SUM OF THE ALLELE FREQUENCIES FOR LOCUS MARKER01
 WAS  0.99990 ON INPUT. THE FREQUENCIES HAVE BEEN RESCALED TO SUM TO 1.0.

 CONTENT OF MAP FILE c12.map:

 MODEL LOCI   XX THETA    XY THETA  XX MORGANS  XY MORGANS
 
  1  MARKER01
              0.50000     0.50000    INFINITY    INFINITY
  2  MARKER02
              0.50000     0.50000    INFINITY    INFINITY
  3  MARKER03
              0.50000     0.50000    INFINITY    INFINITY
  4  MARKER04
              0.50000     0.50000    INFINITY    INFINITY
  5  MARKER05

 CONTENT OF PEDIGREE FILE c12.ped:

 PEDIGREE FORMAT = (I3,1X,A8)
 PERSON FORMAT = (3(A8,1X),2(A1,1X),5(A7,1X))

 PEDIGREE NUMBER 1 HAS 24 MEMBERS AND NAME F0017.

      ID       PARENT   IDS      SEX      TWIN     MARKER01 MARKER02 MARKER03
                                                   MARKER04 MARKER05
 
   1  JK0595                     F                                           
                                                                    
   2  JK0596                     M                                           
                                                                    
   3  JK5064   Y0T312   Y0T313   F                 320/320  279/279  248/256 
                                                   157/157  106/122 
   4  JK5648   JK5649   Y0T316   M                 320/320  279/279  248/248 
                                                   137/153  119/119 
   5  JK5649   Y0T314   Y0T315   M                 320/320  279/279  248/256 
                                                   137/149  119/119 
   6  JK5660   Y0T314   Y0T315   F                 302/320  275/279  256/256 
                                                   137/149  106/122 
   7  JK5699   Y0T317   Y0T318   M                 320/320  271/279  252/256 
                                                   137/145  119/119 
   8  JK5776   Y0T312   Y0T313   M                 302/320  279/279  248/248 
                                                   153/157  106/122 
   9  JK5780   Y0T312   Y0T313   F                 316/320  279/279  244/256 
                                                   153/157  110/119 
  10  JK5805   Y0T312   Y0T313   M                 302/320  279/279  248/248 
                                                   149/157  106/119 
  11  JK6022   JK5649   Y0T316   M                 320/320  279/279  248/256 
                                                   149/153  119/119 
  12  Y0T312   Y0T592   Y0T591   M                                           
                                                                    
  13  Y0T313   Y0T314   Y0T315   F                                           
                                                                    
  14  Y0T314   JK0596   JK0595   M                                           
                                                                    
  15  Y0T315                     F                                           
                                                                    
  16  Y0T316                     F                                           
                                                                    
  17  Y0T317   Y0T314   Y0T315   M                                           
                                                                    
  18  Y0T318                     F                                           
                                                                    
  19  Y0T591   Y0T594   Y0T593   F                                           
                                                                    
  20  Y0T592                     M                                           
                                                                    
  21  Y0T593                     F                                           
                                                                    
  22  Y0T594   Y0T596   Y0T595   M                                           
                                                                    
  23  Y0T595                     F                                           
                                                                    
  24  Y0T596                     M                                           
                                                                    

 PEDIGREE NUMBER 2 HAS 23 MEMBERS AND NAME F0191.

      ID       PARENT   IDS      SEX      TWIN     MARKER01 MARKER02 MARKER03
                                                   MARKER04 MARKER05
 
   1  JK2583   Y0T195   Y0T196   F                 304/312           236/244 
                                                   137/145  104/122 
   2  JK5036   Y0T201   JK2583   F                 312/320  275/279  236/248 
                                                   145/145  104/122 
   3  JK5083   Y0T195   Y0T196   F                 304/312           236/256 
                                                   137/161  116/122 
   4  JK5097   Y0T198   Y0T197   F                 316/320  279/279  236/244 
                                                   145/149          
   5  JK5098   Y0T198   Y0T197   F                 316/320  275/279  236/236 
                                                   145/145  104/106 
   6  JK5105   Y0T200   Y0T199   F                 316/320  279/279  236/236 
                                                   141/145  104/119 
   7  JK5113   Y0T202   JK5105   F                 312/320  263/279  236/236 
                                                   145/157  104/105 
   8  JK5117   Y0T198   Y0T197   F                 308/316           236/244 
                                                   137/149          
   9  JK5395   Y0T200   Y0T199   M                 320/320           236/244 
                                                   145/157  104/104 
  10  JK5445   Y0T200   Y0T199   F                 316/320           236/236 
                                                   137/141  104/119 
  11  JK5690   Y0T198   Y0T197   M                 316/320  279/279  236/252 
                                                   137/149          
  12  JK5976   Y0T591   JK5083   F                          275/279  236/256 
                                                   137/145  101/116 
  13  Y0T195                     M                                           
                                                                    
  14  Y0T196   Y0T300   Y0T301   F                                           
                                                                    
  15  Y0T197   Y0T300   Y0T301   F                                           
                                                                    
  16  Y0T198                     M                                           
                                                                    
  17  Y0T199   Y0T300   Y0T301   F                                           
                                                                    
  18  Y0T200                     M                                           
                                                                    
  19  Y0T201                     M                                           
                                                                    
  20  Y0T202                     M                                           
                                                                    
  21  Y0T300                     M                                           
                                                                    
  22  Y0T301                     F                                           
                                                                    
  23  Y0T591                     M                                           
                                                                    

 PEDIGREE NUMBER 3 HAS 66 MEMBERS AND NAME F1148.

      ID       PARENT   IDS      SEX      TWIN     MARKER01 MARKER02 MARKER03
                                                   MARKER04 MARKER05
 
   1  JK5641   Y0T115   Y0T116   M                 320/320           248/256 
                                                   145/157          
   2  JK5661   Y0T147   Y0T148   F                 320/320  271/271  236/256 
                                                   149/153          
   3  JK5675   Y0T119   Y0T120   F                 308/320  275/283  236/248 
                                                   157/157          
   4  JK5676   Y0T123   Y0T124   F                 320/324  279/283  248/256 
                                                   145/157  104/116 
   5  JK5678   Y0T140   JK5676   F                 308/324  279/279  236/256 
                                                   149/157  101/104 
   6  JK5679   Y0T115   Y0T116   F                 320/320  271/283  236/248 
                                                   153/157          
   7  JK5724   Y0T135   Y0T136   F                 320/320  271/283  236/256 
                                                   145/153  105/119 
   8  JK5728   Y0T113   Y0T114   F                 312/320  271/279  256/256 
                                                   149/153  101/116 
   9  JK5749   Y0T121   Y0T122   F                 308/320           236/248 
                                                   145/157  104/125 
  10  JK5752   Y0T121   Y0T122   F                 320/320  271/283  236/248 
                                                   153/157  105/116 
  11  JK5757   Y0T130   Y0T131   F                 302/320  271/283  236/240 
                                                   149/153  104/119 
  12  JK5790   Y0T138   Y0T139   F                 308/320  275/279  236/248 
                                                   141/153  104/116 
  13  JK5791   Y0T138   Y0T139   F                 308/320  275/279  236/248 
                                                   145/153  104/116 
  14  JK5800   Y0T130   Y0T131   M                 302/320  271/283  236/240 
                                                   141/157  104/119 
  15  JK5806   Y0T138   Y0T139   F                 312/320           236/256 
                                                   141/153  104/116 
  16  JK5809   Y0T133   Y0T134   F                          275/279  240/248 
                                                   137/153  104/106 
  17  JK5811   Y0T117   Y0T118   F                 308/320  271/279  236/256 
                                                   153/153  107/116 
  18  JK5825   Y0T147   Y0T148   F                 320/320  271/271  256/256 
                                                   145/153  105/105 
  19  JK5841   Y0T128   Y0T129   M                 320/320  275/279  248/248 
                                                   157/157  116/122 
  20  JK5843                     F                 307/316  271/271  236/248 
                                                            104/104 
  21  JK5852   Y0T138   Y0T139   M                 308/320  275/279  236/248 
                                                   145/153  104/116 
  22  JK5867   Y0T126   Y0T127   F                 316/320  275/275  236/248 
                                                   149/149  119/122 
  23  JK5874   Y0T135   Y0T136   F                 312/320  279/283  236/256 
                                                   153/157  104/119 
  24  JK5881   JK5968   Y0T137   F                 320/320  275/275  236/252 
                                                   157/161  104/125 
  25  JK5882   JK5968   Y0T137   F                 320/320  271/275  236/252 
                                                   153/153  105/119 
  26  JK5883   Y0T143   Y0T144   F                 308/320  275/279  236/236 
                                                   145/161  104/122 
  27  JK5894   Y0T147   Y0T148   M                 320/320  271/279  236/248 
                                                   145/145          
  28  JK5968                     M                                           
                                                                    
  29  JK6196   Y0T133   Y0T134   M                 312/320  279/279  236/256 
                                                   153/157  104/106 
  30  Y0T113                     M                                           
                                                                    
  31  Y0T114   Y0T149   Y0T150   F                                           
                                                                    
  32  Y0T115                     M                                           
                                                                    
  33  Y0T116   Y0T149   Y0T150   F                                           
                                                                    
  34  Y0T117   Y0T149   Y0T150   M                                           
                                                                    
  35  Y0T118                     F                                           
                                                                    
  36  Y0T119                     M                                           
                                                                    
  37  Y0T120   Y0T149   Y0T150   F                                           
                                                                    
  38  Y0T121   Y0T149   Y0T150   M                                           
                                                                    
  39  Y0T122                     F                                           
                                                                    
  40  Y0T123   Y0T149   Y0T150   M                                           
                                                                    
  41  Y0T124                     F                                           
                                                                    
  42  Y0T125   Y0T147   Y0T148   M                                           
                                                                    
  43  Y0T126                     M                                           
                                                                    
  44  Y0T127   Y0T145   Y0T146   F                                           
                                                                    
  45  Y0T128                     M                                           
                                                                    
  46  Y0T129   Y0T115   Y0T116   F                                           
                                                                    
  47  Y0T130   Y0T115   Y0T116   M                                           
                                                                    
  48  Y0T131                     F                                           
                                                                    
  49  Y0T132                     F                                           
                                                                    
  50  Y0T133                     M                                           
                                                                    
  51  Y0T134   Y0T119   Y0T120   F                                           
                                                                    
  52  Y0T135                     M                                           
                                                                    
  53  Y0T136   Y0T119   Y0T120   F                                           
                                                                    
  54  Y0T137   Y0T121   Y0T122   F                                           
                                                                    
  55  Y0T138   Y0T123   Y0T124   M                                           
                                                                    
  56  Y0T139                     F                                           
                                                                    
  57  Y0T140                     M                                           
                                                                    
  58  Y0T143                     M                                           
                                                                    
  59  Y0T144   Y0T115   Y0T116   F                                           
                                                                    
  60  Y0T145                     M                                           
                                                                    
  61  Y0T146   Y0T149   Y0T150   F                                           
                                                                    
  62  Y0T147                     M                                           
                                                                    
  63  Y0T148   Y0T149   Y0T150   F                                           
                                                                    
  64  Y0T149                     M                                           
                                                                    
  65  Y0T150                     F                                           
                                                                    
  66  Y0T590                     M                                           
                                                                    

 TOTALS:    PEDIGREES  FAMILIES  PEOPLE  FEMALES   MALES   MZTWINS  FOUNDERS
                  3       33      113       65       48        0       39

 TALLIES FOR THE PHENOTYPES:

 LOCUS      PHENOTYPE      COUNT

  MARKER01   MISSING         66
  MARKER01   302/320          5
  MARKER01   304/312          2
  MARKER01   307/316          1
  MARKER01   308/316          1
  MARKER01   308/320          7
  MARKER01   308/324          1
  MARKER01   312/320          6
  MARKER01   316/320          7
  MARKER01   320/320         16
  MARKER01   320/324          1

 LOCUS      PHENOTYPE      COUNT

  MARKER02   MISSING         72
  MARKER02   263/279          1
  MARKER02   271/271          3
  MARKER02   271/275          1
  MARKER02   271/279          4
  MARKER02   271/283          5
  MARKER02   275/275          2
  MARKER02   275/279         10
  MARKER02   275/283          1
  MARKER02   279/279         12
  MARKER02   279/283          2

 LOCUS      PHENOTYPE      COUNT

  MARKER03   MISSING         64
  MARKER03   236/236          5
  MARKER03   236/240          2
  MARKER03   236/244          4
  MARKER03   236/248         11
  MARKER03   236/252          3
  MARKER03   236/256          9
  MARKER03   240/248          1
  MARKER03   244/256          1
  MARKER03   248/248          4
  MARKER03   248/256          5
  MARKER03   252/256          1
  MARKER03   256/256          3

 LOCUS      PHENOTYPE      COUNT

  MARKER04   MISSING         65
  MARKER04   137/141          1
  MARKER04   137/145          3
  MARKER04   137/149          4
  MARKER04   137/153          2
  MARKER04   137/161          1
  MARKER04   141/145          1
  MARKER04   141/153          2
  MARKER04   141/157          1
  MARKER04   145/145          3
  MARKER04   145/149          1
  MARKER04   145/153          4
  MARKER04   145/157          5
  MARKER04   145/161          1
  MARKER04   149/149          1
  MARKER04   149/153          4
  MARKER04   149/157          2
  MARKER04   153/153          2
  MARKER04   153/157          6
  MARKER04   157/157          3
  MARKER04   157/161          1

 LOCUS      PHENOTYPE      COUNT

  MARKER05   MISSING         72
  MARKER05   101/104          1
  MARKER05   101/116          2
  MARKER05   104/104          2
  MARKER05   104/105          1
  MARKER05   104/106          3
  MARKER05   104/116          5
  MARKER05   104/119          5
  MARKER05   104/122          3
  MARKER05   104/125          2
  MARKER05   105/105          1
  MARKER05   105/116          1
  MARKER05   105/119          2
  MARKER05   106/119          1
  MARKER05   106/122          3
  MARKER05   107/116          1
  MARKER05   110/119          1
  MARKER05   116/122          2
  MARKER05   119/119          4
  MARKER05   119/122          1

 ANALYSIS OF LOCUS AND PEDIGREE DATA: 

                       ALLELE FREQUENCY ESTIMATION OPTION

                   ALLELE FREQUENCY ESTIMATION AT LOCUS MARKER01

                                   PROBLEM 1     

 GRID OR SEARCH OPTION: SEARCH
 LOG BASE:  E

 PARAMETER MINIMA AND MAXIMA:

     FREQ 1      FREQ 2      FREQ 3      FREQ 4      FREQ 5      FREQ 6 
     FREQ 7      FREQ 8 

    0.000100    0.000100    0.000100    0.000100    0.000100    0.000100
    0.000100    0.000100

 *********** *********** *********** *********** *********** ***********
 *********** ***********

 PARAMETER CONSTRAINTS:

 CNSTR_VALUE     FREQ 1      FREQ 2      FREQ 3      FREQ 4      FREQ 5 
     FREQ 6      FREQ 7      FREQ 8 

    1.000000    1.000000    1.000000    1.000000    1.000000    1.000000
    1.000000    1.000000    1.000000

 ITER  NSTEP  LOGLIKELIHOOD     FREQ 1      FREQ 2      FREQ 3      FREQ 4 
                                FREQ 5      FREQ 6      FREQ 7      FREQ 8 

   1     0   -0.8858071E+02  0.5319E-01  0.2128E-01  0.1064E-01  0.9574E-01
                             0.8511E-01  0.9574E-01  0.6170E+00  0.2128E-01

   2     3   -0.8839888E+02  0.5238E-01  0.2095E-01  0.2569E-01  0.9429E-01
                             0.8381E-01  0.9429E-01  0.6076E+00  0.2095E-01

   3     2   -0.8806214E+02  0.4991E-01  0.1997E-01  0.2562E-01  0.8983E-01
                             0.1260E+00  0.8983E-01  0.5789E+00  0.1997E-01

   4     1   -0.8774954E+02  0.4493E-01  0.1798E-01  0.2545E-01  0.1654E+00
                             0.1264E+00  0.8086E-01  0.5210E+00  0.1798E-01

   5     2   -0.8767514E+02  0.4343E-01  0.1860E-01  0.2539E-01  0.1654E+00
                             0.1265E+00  0.9970E-01  0.5036E+00  0.1738E-01

   6     2   -0.8766419E+02  0.4278E-01  0.2378E-01  0.2537E-01  0.1654E+00
                             0.1266E+00  0.9821E-01  0.4961E+00  0.2175E-01

   7     1   -0.8765347E+02  0.3851E-01  0.2141E-01  0.2516E-01  0.1631E+00
                             0.1262E+00  0.9904E-01  0.5026E+00  0.2403E-01

   8     1   -0.8764841E+02  0.4239E-01  0.1928E-01  0.2498E-01  0.1614E+00
                             0.1258E+00  0.9988E-01  0.5002E+00  0.2602E-01

   9     0   -0.8751636E+02  0.4377E-01  0.2139E-01  0.2328E-01  0.1439E+00
                             0.1224E+00  0.9980E-01  0.5233E+00  0.2214E-01

  10     0   -0.8750708E+02  0.4452E-01  0.2176E-01  0.2197E-01  0.1376E+00
                             0.1223E+00  0.1007E+00  0.5297E+00  0.2141E-01

  11     0   -0.8750687E+02  0.4450E-01  0.2179E-01  0.2183E-01  0.1380E+00
                             0.1224E+00  0.1007E+00  0.5293E+00  0.2147E-01

  12     0   -0.8750673E+02  0.4449E-01  0.2184E-01  0.2151E-01  0.1384E+00
                             0.1226E+00  0.1007E+00  0.5290E+00  0.2152E-01

  13     0   -0.8750673E+02  0.4448E-01  0.2183E-01  0.2152E-01  0.1384E+00
                             0.1225E+00  0.1007E+00  0.5290E+00  0.2152E-01

  14     0   -0.8750673E+02  0.4448E-01  0.2183E-01  0.2152E-01  0.1384E+00
                             0.1225E+00  0.1007E+00  0.5290E+00  0.2152E-01

  15     0   -0.8750673E+02  0.4448E-01  0.2183E-01  0.2152E-01  0.1384E+00
                             0.1225E+00  0.1007E+00  0.5290E+00  0.2152E-01

  16     0   -0.8750673E+02  0.4448E-01  0.2183E-01  0.2152E-01  0.1384E+00
                             0.1225E+00  0.1007E+00  0.5290E+00  0.2152E-01

 THE MAXIMUM LOGLIKELIHOOD OCCURS AT ITERATION  16.

 ASYMPTOTIC STANDARD ERRORS OF THE PARAMETERS:

     FREQ 1      FREQ 2      FREQ 3      FREQ 4      FREQ 5      FREQ 6 
     FREQ 7      FREQ 8 

  0.3077E-01  0.2161E-01  0.2131E-01  0.5485E-01  0.5021E-01  0.4656E-01
  0.7956E-01  0.2131E-01

 ASYMPTOTIC CORRELATION MATRIX OF THE PARAMETERS:

     FREQ 1      FREQ 2      FREQ 3      FREQ 4      FREQ 5      FREQ 6 
     FREQ 7      FREQ 8 

     1.0000

    -0.0308      1.0000

    -0.0304     -0.0210      1.0000

    -0.0762     -0.0529     -0.0522      1.0000

    -0.0746     -0.0515     -0.0510     -0.1296      1.0000

    -0.0683     -0.0481     -0.0467     -0.1160     -0.1156      1.0000

    -0.2225     -0.1513     -0.1493     -0.4680     -0.4040     -0.3677
     1.0000

    -0.0304     -0.0210     -0.0208     -0.0522     -0.0510     -0.0467
    -0.1493      1.0000

 THE FRACTION OF HETEROZYGOTES AT LOCUS MARKER01 IS 0.6724.

 HARDY-WEINBERG TESTING IS IMPOSSIBLE AT LOCUS MARKER01 BECAUSE SOME PEDIGREES
 CONTAIN MORE THAN ONE PERSON, SOME PHENOTYPES APPEAR IN MORE THAN ONE
 PEDIGREE, THERE ARE TOO FEW PHENOTYPES FOR THE NUMBER OF ALLELES, OR 
 BAYES ESTIMATES ARE INVOLVED.

                   ALLELE FREQUENCY ESTIMATION AT LOCUS MARKER02

                                   PROBLEM 2     

 GRID OR SEARCH OPTION: SEARCH
 LOG BASE:  E

 PARAMETER MINIMA AND MAXIMA:

     FREQ 1      FREQ 2      FREQ 3      FREQ 4      FREQ 5 

    0.000100    0.000100    0.000100    0.000100    0.000100

 *********** *********** *********** *********** ***********

 PARAMETER CONSTRAINTS:

 CNSTR_VALUE     FREQ 1      FREQ 2      FREQ 3      FREQ 4      FREQ 5 

    1.000000    1.000000    1.000000    1.000000    1.000000    1.000000

 ITER  NSTEP  LOGLIKELIHOOD     FREQ 1      FREQ 2      FREQ 3      FREQ 4 
                                FREQ 5 

   1     0   -0.7511734E+02  0.1220E-01  0.1951E+00  0.1951E+00  0.5000E+00
                             0.9756E-01

   2     3   -0.7498081E+02  0.2562E-01  0.1925E+00  0.1925E+00  0.4932E+00
                             0.9624E-01

   3     1   -0.7485936E+02  0.2535E-01  0.1732E+00  0.2709E+00  0.4439E+00
                             0.8662E-01

   4     2   -0.7476093E+02  0.2527E-01  0.2012E+00  0.2714E+00  0.4201E+00
                             0.8199E-01

   5     1   -0.7459000E+02  0.2505E-01  0.2042E+00  0.2677E+00  0.4311E+00
                             0.7201E-01

   6     0   -0.7440111E+02  0.2311E-01  0.2248E+00  0.2458E+00  0.4779E+00
                             0.2846E-01

   7     0   -0.7431886E+02  0.2285E-01  0.2151E+00  0.2405E+00  0.4689E+00
                             0.5260E-01

   8     0   -0.7430264E+02  0.2237E-01  0.2177E+00  0.2404E+00  0.4723E+00
                             0.4720E-01

   9     0   -0.7430063E+02  0.2207E-01  0.2191E+00  0.2410E+00  0.4736E+00
                             0.4421E-01

  10     0   -0.7430058E+02  0.2208E-01  0.2189E+00  0.2409E+00  0.4734E+00
                             0.4461E-01

  11     0   -0.7430058E+02  0.2207E-01  0.2190E+00  0.2409E+00  0.4734E+00
                             0.4460E-01

  12     0   -0.7430058E+02  0.2206E-01  0.2190E+00  0.2409E+00  0.4734E+00
                             0.4460E-01

  13     0   -0.7430058E+02  0.2206E-01  0.2190E+00  0.2409E+00  0.4734E+00
                             0.4460E-01

 THE MAXIMUM LOGLIKELIHOOD OCCURS AT ITERATION  13.

 ASYMPTOTIC STANDARD ERRORS OF THE PARAMETERS:

     FREQ 1      FREQ 2      FREQ 3      FREQ 4      FREQ 5 

  0.2185E-01  0.6894E-01  0.7390E-01  0.8492E-01  0.4111E-01

 ASYMPTOTIC CORRELATION MATRIX OF THE PARAMETERS:

     FREQ 1      FREQ 2      FREQ 3      FREQ 4      FREQ 5 

     1.0000

    -0.0672      1.0000

    -0.0760     -0.2377      1.0000

    -0.1243     -0.4577     -0.5994      1.0000

    -0.0254     -0.2686     -0.1204     -0.1547      1.0000

 THE FRACTION OF HETEROZYGOTES AT LOCUS MARKER02 IS 0.6674.

 HARDY-WEINBERG TESTING IS IMPOSSIBLE AT LOCUS MARKER02 BECAUSE SOME PEDIGREES
 CONTAIN MORE THAN ONE PERSON, SOME PHENOTYPES APPEAR IN MORE THAN ONE
 PEDIGREE, THERE ARE TOO FEW PHENOTYPES FOR THE NUMBER OF ALLELES, OR 
 BAYES ESTIMATES ARE INVOLVED.

                   ALLELE FREQUENCY ESTIMATION AT LOCUS MARKER03

                                   PROBLEM 3     

 GRID OR SEARCH OPTION: SEARCH
 LOG BASE:  E

 PARAMETER MINIMA AND MAXIMA:

     FREQ 1      FREQ 2      FREQ 3      FREQ 4      FREQ 5      FREQ 6 

    0.000100    0.000100    0.000100    0.000100    0.000100    0.000100

 *********** *********** *********** *********** *********** ***********

 PARAMETER CONSTRAINTS:

 CNSTR_VALUE     FREQ 1      FREQ 2      FREQ 3      FREQ 4      FREQ 5 
     FREQ 6 

    1.000000    1.000000    1.000000    1.000000    1.000000    1.000000
    1.000000

 ITER  NSTEP  LOGLIKELIHOOD     FREQ 1      FREQ 2      FREQ 3      FREQ 4 
                                FREQ 5      FREQ 6 

   1     0   -0.1036477E+03  0.3980E+00  0.3061E-01  0.5102E-01  0.2551E+00
                             0.4082E-01  0.2245E+00

   2     2   -0.1034075E+03  0.3832E+00  0.2948E-01  0.4913E-01  0.2456E+00
                             0.7641E-01  0.2162E+00

   3     2   -0.1033491E+03  0.3726E+00  0.5428E-01  0.4778E-01  0.2389E+00
                             0.7629E-01  0.2102E+00

   4     3   -0.1033401E+03  0.3706E+00  0.5423E-01  0.5240E-01  0.2375E+00
                             0.7624E-01  0.2090E+00

   5     2   -0.1033359E+03  0.3739E+00  0.5401E-01  0.5239E-01  0.2314E+00
                             0.7603E-01  0.2123E+00

   6     1   -0.1033259E+03  0.3835E+00  0.5302E-01  0.5241E-01  0.2306E+00
                             0.7507E-01  0.2054E+00

   7     0   -0.1032395E+03  0.3844E+00  0.4625E-01  0.5305E-01  0.2363E+00
                             0.6849E-01  0.2115E+00

   8     0   -0.1032268E+03  0.3835E+00  0.4238E-01  0.5356E-01  0.2402E+00
                             0.6434E-01  0.2160E+00

   9     0   -0.1032264E+03  0.3828E+00  0.4310E-01  0.5349E-01  0.2400E+00
                             0.6477E-01  0.2158E+00

  10     0   -0.1032264E+03  0.3828E+00  0.4310E-01  0.5349E-01  0.2400E+00
                             0.6471E-01  0.2159E+00

  11     0   -0.1032264E+03  0.3828E+00  0.4310E-01  0.5349E-01  0.2400E+00
                             0.6469E-01  0.2159E+00

  12     0   -0.1032264E+03  0.3828E+00  0.4310E-01  0.5349E-01  0.2400E+00
                             0.6469E-01  0.2159E+00

  13     2   -0.1032264E+03  0.3828E+00  0.4310E-01  0.5349E-01  0.2400E+00
                             0.6469E-01  0.2159E+00

 THE MAXIMUM LOGLIKELIHOOD OCCURS AT ITERATION  13.

 ASYMPTOTIC STANDARD ERRORS OF THE PARAMETERS:

     FREQ 1      FREQ 2      FREQ 3      FREQ 4      FREQ 5      FREQ 6 

  0.8253E-01  0.2990E-01  0.3565E-01  0.7442E-01  0.3617E-01  0.6898E-01

 ASYMPTOTIC CORRELATION MATRIX OF THE PARAMETERS:

     FREQ 1      FREQ 2      FREQ 3      FREQ 4      FREQ 5      FREQ 6 

     1.0000

    -0.1500      1.0000

    -0.1957     -0.0493      1.0000

    -0.4922     -0.0955     -0.1094      1.0000

    -0.1848     -0.0529     -0.0611     -0.1190      1.0000

    -0.4024     -0.0977     -0.1112     -0.3296     -0.1204      1.0000

 THE FRACTION OF HETEROZYGOTES AT LOCUS MARKER03 IS 0.7403.

 HARDY-WEINBERG TESTING IS IMPOSSIBLE AT LOCUS MARKER03 BECAUSE SOME PEDIGREES
 CONTAIN MORE THAN ONE PERSON, SOME PHENOTYPES APPEAR IN MORE THAN ONE
 PEDIGREE, THERE ARE TOO FEW PHENOTYPES FOR THE NUMBER OF ALLELES, OR 
 BAYES ESTIMATES ARE INVOLVED.

                   ALLELE FREQUENCY ESTIMATION AT LOCUS MARKER04

                                   PROBLEM 4     

 GRID OR SEARCH OPTION: SEARCH
 LOG BASE:  E

 PARAMETER MINIMA AND MAXIMA:

     FREQ 1      FREQ 2      FREQ 3      FREQ 4      FREQ 5      FREQ 6 
     FREQ 7 

    0.000100    0.000100    0.000100    0.000100    0.000100    0.000100
    0.000100

 *********** *********** *********** *********** *********** ***********
 ***********

 PARAMETER CONSTRAINTS:

 CNSTR_VALUE     FREQ 1      FREQ 2      FREQ 3      FREQ 4      FREQ 5 
     FREQ 6      FREQ 7 

    1.000000    1.000000    1.000000    1.000000    1.000000    1.000000
    1.000000    1.000000

 ITER  NSTEP  LOGLIKELIHOOD     FREQ 1      FREQ 2      FREQ 3      FREQ 4 
                                FREQ 5      FREQ 6      FREQ 7 

   1     0   -0.1336785E+03  0.1146E+00  0.5208E-01  0.2188E+00  0.1354E+00
                             0.2292E+00  0.2188E+00  0.3125E-01

   2     2   -0.1331558E+03  0.1095E+00  0.4976E-01  0.2090E+00  0.1294E+00
                             0.2189E+00  0.2090E+00  0.7449E-01

   3     2   -0.1328446E+03  0.1037E+00  0.4714E-01  0.1979E+00  0.1718E+00
                             0.2074E+00  0.1979E+00  0.7416E-01

   4     2   -0.1327634E+03  0.1008E+00  0.6689E-01  0.1924E+00  0.1720E+00
                             0.2015E+00  0.1924E+00  0.7402E-01

   5     1   -0.1325317E+03  0.9071E-01  0.6660E-01  0.1731E+00  0.1725E+00
                             0.1814E+00  0.2422E+00  0.7341E-01

   6     1   -0.1322784E+03  0.8165E-01  0.6623E-01  0.2015E+00  0.1727E+00
                             0.1633E+00  0.2419E+00  0.7281E-01

   7     1   -0.1322559E+03  0.7349E-01  0.6586E-01  0.2029E+00  0.1726E+00
                             0.1721E+00  0.2409E+00  0.7222E-01

   8     0   -0.1321960E+03  0.7526E-01  0.6255E-01  0.2148E+00  0.1722E+00
                             0.1701E+00  0.2383E+00  0.6672E-01

   9     0   -0.1321858E+03  0.7585E-01  0.6147E-01  0.2190E+00  0.1727E+00
                             0.1703E+00  0.2386E+00  0.6203E-01

  10     0   -0.1321857E+03  0.7588E-01  0.6166E-01  0.2186E+00  0.1728E+00
                             0.1703E+00  0.2387E+00  0.6200E-01

  11     0   -0.1321857E+03  0.7592E-01  0.6185E-01  0.2183E+00  0.1729E+00
                             0.1704E+00  0.2388E+00  0.6188E-01

  12     0   -0.1321857E+03  0.7592E-01  0.6185E-01  0.2183E+00  0.1729E+00
                             0.1704E+00  0.2388E+00  0.6189E-01

  13     0   -0.1321857E+03  0.7592E-01  0.6185E-01  0.2183E+00  0.1729E+00
                             0.1704E+00  0.2388E+00  0.6189E-01

 THE MAXIMUM LOGLIKELIHOOD OCCURS AT ITERATION  13.

 ASYMPTOTIC STANDARD ERRORS OF THE PARAMETERS:

     FREQ 1      FREQ 2      FREQ 3      FREQ 4      FREQ 5      FREQ 6 
     FREQ 7 

  0.4053E-01  0.3466E-01  0.6394E-01  0.5570E-01  0.5981E-01  0.6720E-01
  0.3466E-01

 ASYMPTOTIC CORRELATION MATRIX OF THE PARAMETERS:

     FREQ 1      FREQ 2      FREQ 3      FREQ 4      FREQ 5      FREQ 6 
     FREQ 7 

     1.0000

    -0.0720      1.0000

    -0.1673     -0.1262      1.0000

    -0.1367     -0.1133     -0.2256      1.0000

    -0.1232     -0.1087     -0.2335     -0.2064      1.0000

    -0.1468     -0.1291     -0.3257     -0.2313     -0.3105      1.0000

    -0.0720     -0.0631     -0.1260     -0.1133     -0.1083     -0.1296
     1.0000

 THE FRACTION OF HETEROZYGOTES AT LOCUS MARKER04 IS 0.8230.

 HARDY-WEINBERG TESTING IS IMPOSSIBLE AT LOCUS MARKER04 BECAUSE SOME PEDIGREES
 CONTAIN MORE THAN ONE PERSON, SOME PHENOTYPES APPEAR IN MORE THAN ONE
 PEDIGREE, THERE ARE TOO FEW PHENOTYPES FOR THE NUMBER OF ALLELES, OR 
 BAYES ESTIMATES ARE INVOLVED.

                   ALLELE FREQUENCY ESTIMATION AT LOCUS MARKER05

                                   PROBLEM 5     

 GRID OR SEARCH OPTION: SEARCH
 LOG BASE:  E

 PARAMETER MINIMA AND MAXIMA:

     FREQ 1      FREQ 2      FREQ 3      FREQ 4      FREQ 5      FREQ 6 
     FREQ 7      FREQ 8      FREQ 9      FREQ10 

    0.000100    0.000100    0.000100    0.000100    0.000100    0.000100
    0.000100    0.000100    0.000100    0.000100

 *********** *********** *********** *********** *********** ***********
 *********** *********** *********** ***********

 PARAMETER CONSTRAINTS:

 CNSTR_VALUE     FREQ 1      FREQ 2      FREQ 3      FREQ 4      FREQ 5 
     FREQ 6      FREQ 7      FREQ 8      FREQ 9      FREQ10 

    1.000000    1.000000    1.000000    1.000000    1.000000    1.000000
    1.000000    1.000000    1.000000    1.000000    1.000000

 ITER  NSTEP  LOGLIKELIHOOD     FREQ 1      FREQ 2      FREQ 3      FREQ 4 
                                FREQ 5      FREQ 6      FREQ 7      FREQ 8 
                                FREQ 9      FREQ10 

   1     0   -0.1173312E+03  0.3659E-01  0.2927E+00  0.7317E-01  0.8537E-01
                             0.1220E-01  0.1220E-01  0.1341E+00  0.2195E+00
                             0.1098E+00  0.2439E-01

   2     2   -0.1166994E+03  0.5280E-01  0.2775E+00  0.6938E-01  0.8095E-01
                             0.2840E-01  0.2840E-01  0.1272E+00  0.2081E+00
                             0.1041E+00  0.2313E-01

   3     2   -0.1166534E+03  0.5574E-01  0.2713E+00  0.6783E-01  0.9743E-01
                             0.2776E-01  0.2776E-01  0.1243E+00  0.2035E+00
                             0.1017E+00  0.2261E-01

   4     2   -0.1165855E+03  0.5984E-01  0.2624E+00  0.8333E-01  0.9559E-01
                             0.2686E-01  0.2686E-01  0.1203E+00  0.1968E+00
                             0.1061E+00  0.2188E-01

   5     2   -0.1165639E+03  0.6235E-01  0.2566E+00  0.8148E-01  0.9448E-01
                             0.2626E-01  0.2626E-01  0.1176E+00  0.1962E+00
                             0.1103E+00  0.2847E-01

   6     1   -0.1164872E+03  0.7291E-01  0.2528E+00  0.7784E-01  0.8942E-01
                             0.2365E-01  0.2365E-01  0.1059E+00  0.2231E+00
                             0.1052E+00  0.2564E-01

   7     2   -0.1164329E+03  0.7698E-01  0.2699E+00  0.7401E-01  0.8735E-01
                             0.2249E-01  0.2249E-01  0.1007E+00  0.2121E+00
                             0.1096E+00  0.2438E-01

   8     2   -0.1164238E+03  0.7505E-01  0.2671E+00  0.7339E-01  0.8821E-01
                             0.2299E-01  0.2299E-01  0.9776E-01  0.2139E+00
                             0.1149E+00  0.2368E-01

   9     2   -0.1164156E+03  0.7329E-01  0.2710E+00  0.7516E-01  0.8891E-01
                             0.2341E-01  0.2340E-01  0.9352E-01  0.2142E+00
                             0.1125E+00  0.2456E-01

  10     1   -0.1164112E+03  0.7228E-01  0.2718E+00  0.7544E-01  0.8905E-01
                             0.2201E-01  0.2467E-01  0.9423E-01  0.2135E+00
                             0.1126E+00  0.2441E-01

  11     0   -0.1163872E+03  0.6752E-01  0.2753E+00  0.7675E-01  0.8970E-01
                             0.2264E-01  0.2338E-01  0.9765E-01  0.2101E+00
                             0.1132E+00  0.2374E-01

  12     0   -0.1163834E+03  0.6585E-01  0.2777E+00  0.7653E-01  0.8955E-01
                             0.2191E-01  0.2173E-01  0.9854E-01  0.2109E+00
                             0.1136E+00  0.2371E-01

  13     0   -0.1163834E+03  0.6590E-01  0.2774E+00  0.7659E-01  0.8956E-01
                             0.2197E-01  0.2199E-01  0.9849E-01  0.2108E+00
                             0.1135E+00  0.2372E-01

  14     0   -0.1163834E+03  0.6592E-01  0.2774E+00  0.7659E-01  0.8956E-01
                             0.2197E-01  0.2197E-01  0.9849E-01  0.2108E+00
                             0.1135E+00  0.2372E-01

  15     0   -0.1163834E+03  0.6592E-01  0.2774E+00  0.7659E-01  0.8956E-01
                             0.2197E-01  0.2197E-01  0.9849E-01  0.2108E+00
                             0.1135E+00  0.2372E-01

  16     0   -0.1163834E+03  0.6592E-01  0.2774E+00  0.7659E-01  0.8956E-01
                             0.2197E-01  0.2197E-01  0.9849E-01  0.2108E+00
                             0.1135E+00  0.2372E-01

 THE MAXIMUM LOGLIKELIHOOD OCCURS AT ITERATION  16.

 ASYMPTOTIC STANDARD ERRORS OF THE PARAMETERS:

     FREQ 1      FREQ 2      FREQ 3      FREQ 4      FREQ 5      FREQ 6 
     FREQ 7      FREQ 8      FREQ 9      FREQ10 

  0.3686E-01  0.7408E-01  0.4171E-01  0.4280E-01  0.2175E-01  0.2175E-01
  0.5021E-01  0.6241E-01  0.5042E-01  0.2344E-01

 ASYMPTOTIC CORRELATION MATRIX OF THE PARAMETERS:

     FREQ 1      FREQ 2      FREQ 3      FREQ 4      FREQ 5      FREQ 6 
     FREQ 7      FREQ 8      FREQ 9      FREQ10 

     1.0000

    -0.1579      1.0000

    -0.0711     -0.1796      1.0000

    -0.0787     -0.1890     -0.0850      1.0000

    -0.0374     -0.0892     -0.0402     -0.0445      1.0000

    -0.0374     -0.0892     -0.0402     -0.0445     -0.0212      1.0000

    -0.0771     -0.2513     -0.1341     -0.0913     -0.0436     -0.0436
     1.0000

    -0.1314     -0.3231     -0.1450     -0.1561     -0.0743     -0.0743
    -0.1507      1.0000

    -0.0846     -0.2638     -0.0884     -0.1004     -0.0478     -0.0478
    -0.1247     -0.1664      1.0000

    -0.0370     -0.1159     -0.0068     -0.0441     -0.0209     -0.0209
    -0.0712     -0.0735     -0.0444      1.0000

 THE FRACTION OF HETEROZYGOTES AT LOCUS MARKER05 IS 0.8362.

 HARDY-WEINBERG TESTING IS IMPOSSIBLE AT LOCUS MARKER05 BECAUSE SOME PEDIGREES
 CONTAIN MORE THAN ONE PERSON, SOME PHENOTYPES APPEAR IN MORE THAN ONE
 PEDIGREE, THERE ARE TOO FEW PHENOTYPES FOR THE NUMBER OF ALLELES, OR 
 BAYES ESTIMATES ARE INVOLVED.

 CHECK THE FILE Summary.out FOR A SUMMARY OF ANALYSIS RESULTS.

 TIME OF OPERATION WAS   106.004000 SECONDS
